C51 COMPILER V9.60.7.0   TRAFFIC                                                           03/25/2025 22:51:11 PAGE 1   


C51 COMPILER V9.60.7.0, COMPILATION OF MODULE TRAFFIC
OBJECT MODULE PLACED IN .\Objects\traffic.obj
COMPILER INVOKED BY: C:\Users\DELL\AppData\Local\Keil_v5\C51\BIN\C51.EXE traffic.c OPTIMIZE(8,SPEED) BROWSE DEBUG OBJECT
                    -EXTEND PRINT(.\Listings\traffic.lst) TABS(2) OBJECT(.\Objects\traffic.obj)

line level    source

   1          #include <reg52.h>  // Header file for 89C52
   2          
   3          // Define LED connections
   4          sbit RedLED = P1^0;
   5          sbit YellowLED = P1^1;
   6          sbit GreenLED = P1^2;
   7          
   8          // Function to create delay in seconds
   9          void delay_seconds(unsigned int sec) {
  10   1          unsigned int i, j;
  11   1          for(i = 0; i < sec; i++) {
  12   2              for(j = 0; j < 1000; j++) {
  13   3                  // Approximate 1ms delay (adjust based on your crystal frequency)
  14   3                  TMOD = 0x01;        // Timer0 mode 1
  15   3                  TH0 = 0xFC;         // Initial values for 1ms delay with 11.0592MHz
  16   3                  TL0 = 0x66;
  17   3                  TR0 = 1;            // Start timer
  18   3                  while(TF0 == 0);    // Wait for overflow
  19   3                  TR0 = 0;            // Stop timer
  20   3                  TF0 = 0;            // Clear overflow flag
  21   3              }
  22   2          }
  23   1      }
  24          
  25          void main() {
  26   1          while(1) {  // Infinite loop
  27   2              // Red LED ON for 5 seconds
  28   2              RedLED = 1;
  29   2              YellowLED = 0;
  30   2              GreenLED = 0;
  31   2              delay_seconds(5);
  32   2              
  33   2              // Yellow LED ON for 2 seconds
  34   2              RedLED = 0;
  35   2              YellowLED = 1;
  36   2              GreenLED = 0;
  37   2              delay_seconds(2);
  38   2              
  39   2              // Green LED ON for 5 seconds
  40   2              RedLED = 0;
  41   2              YellowLED = 0;
  42   2              GreenLED = 1;
  43   2              delay_seconds(5);
  44   2          }
  45   1      }


MODULE INFORMATION:   STATIC OVERLAYABLE
   CODE SIZE        =     87    ----
   CONSTANT SIZE    =   ----    ----
   XDATA SIZE       =   ----    ----
   PDATA SIZE       =   ----    ----
   DATA SIZE        =   ----    ----
   IDATA SIZE       =   ----    ----
C51 COMPILER V9.60.7.0   TRAFFIC                                                           03/25/2025 22:51:11 PAGE 2   

   BIT SIZE         =   ----    ----
END OF MODULE INFORMATION.


C51 COMPILATION COMPLETE.  0 WARNING(S),  0 ERROR(S)
